File "AssertFalse.ml", line 1, characters 8-14: Assertion failed
