TrivialValue_0	=	[2] {
    (no name)	=	1
    (no name)	=	2
}
